2026-09-27 22:55:21 
2026-09-27 22:55:21 == stages=train,trajectory,samples seed=0 epochs=100 smoke=0
2026-09-27 22:55:23 torch 2.5.1+cu121 | cuda True
2026-09-27 22:55:23 
2026-09-27 22:55:23 == 1/3  flow matching  -> ckpt/flow_s0.pt
2026-09-27 22:55:24 /mnt/isilon/tan_lab/pany3/CIS6270-molecules/project1/molecules/data/qm9.py:58: FutureWarning: You are using `torch.load` with `weights_only=False` (the current default value), which uses the default pickle module implicitly. It is possible to construct malicious pickle data which will execute arbitrary code during unpickling (See https://github.com/pytorch/pytorch/blob/main/SECURITY.md#untrusted-models for more details). In a future release, the default value for `weights_only` will be flipped to `True`. This limits the functions that could be executed during unpickling. Arbitrary objects will no longer be allowed to be loaded via this mode unless they are explicitly allowlisted by the user via `torch.serialization.add_safe_globals`. We recommend you start setting `weights_only=True` for any use case where you don't have full control of the loaded file. Please open an issue on GitHub for any issues related to this experimental feature.
2026-09-27 22:55:24   d = torch.load(cache)
2026-09-27 22:55:26 flow: 0.71M parameters on cuda
2026-09-27 22:56:02 epoch    1  train 2.4073  val 2.2539 *
2026-09-27 22:56:40 epoch    2  train 2.2222  val 2.1850 *
2026-09-27 22:57:16 epoch    3  train 2.1500  val 2.1189 *
2026-09-27 22:58:07 epoch    4  train 2.0900  val 2.0763 *
2026-09-27 22:59:34 epoch    5  train 2.0481  val 2.0395 *
2026-09-27 23:01:00 epoch    6  train 2.0351  val 2.0074 *
2026-09-27 23:01:37 epoch    7  train 2.0171  val 1.9949 *
2026-09-27 23:02:17 epoch    8  train 2.0026  val 1.9946 *
2026-09-27 23:02:53 epoch    9  train 1.9808  val 1.9789 *
2026-09-27 23:03:33 epoch   10  train 1.9838  val 1.9868
2026-09-27 23:04:10 epoch   11  train 1.9724  val 1.9673 *
2026-09-27 23:04:47 epoch   12  train 1.9720  val 1.9599 *
2026-09-27 23:05:23 epoch   13  train 1.9634  val 1.9395 *
2026-09-27 23:06:00 epoch   14  train 1.9613  val 1.9282 *
2026-09-27 23:06:37 epoch   15  train 1.9540  val 1.9605
2026-09-27 23:07:13 epoch   16  train 1.9508  val 1.9496
2026-09-27 23:07:50 epoch   17  train 1.9482  val 1.9374
2026-09-27 23:08:26 epoch   18  train 1.9458  val 1.9483
2026-09-27 23:09:03 epoch   19  train 1.9347  val 1.9298
2026-09-27 23:09:39 epoch   20  train 1.9353  val 1.9509
2026-09-27 23:10:16 epoch   21  train 1.9463  val 1.9326
2026-09-27 23:10:52 epoch   22  train 1.9395  val 1.9419
2026-09-27 23:11:29 epoch   23  train 1.9338  val 1.9272 *
2026-09-27 23:12:06 epoch   24  train 1.9299  val 1.9225 *
2026-09-27 23:12:42 epoch   25  train 1.9232  val 1.9300
2026-09-27 23:13:19 epoch   26  train 1.9225  val 1.9128 *
2026-09-27 23:13:55 epoch   27  train 1.9265  val 1.9230
2026-09-27 23:14:32 epoch   28  train 1.9231  val 1.9246
2026-09-27 23:15:08 epoch   29  train 1.9167  val 1.9365
2026-09-27 23:15:45 epoch   30  train 1.9155  val 1.9163
2026-09-27 23:16:21 epoch   31  train 1.9212  val 1.9212
2026-09-27 23:16:58 epoch   32  train 1.9196  val 1.9260
2026-09-27 23:17:35 epoch   33  train 1.9185  val 1.9169
2026-09-27 23:18:11 epoch   34  train 1.9113  val 1.9285
2026-09-27 23:18:48 epoch   35  train 1.9177  val 1.9137
2026-09-27 23:19:24 epoch   36  train 1.9070  val 1.9156
2026-09-27 23:20:01 epoch   37  train 1.9136  val 1.9174
2026-09-27 23:20:37 epoch   38  train 1.9081  val 1.8891 *
2026-09-27 23:21:14 epoch   39  train 1.9134  val 1.9115
2026-09-27 23:21:50 epoch   40  train 1.9032  val 1.8947
2026-09-27 23:22:27 epoch   41  train 1.9094  val 1.9053
2026-09-27 23:23:04 epoch   42  train 1.9040  val 1.8936
2026-09-27 23:23:40 epoch   43  train 1.9088  val 1.9142
2026-09-27 23:24:17 epoch   44  train 1.9019  val 1.9052
2026-09-27 23:24:53 epoch   45  train 1.9007  val 1.9049
2026-09-27 23:25:30 epoch   46  train 1.9008  val 1.9062
2026-09-27 23:26:06 epoch   47  train 1.9015  val 1.9183
2026-09-27 23:26:43 epoch   48  train 1.9047  val 1.8961
2026-09-27 23:27:19 epoch   49  train 1.9008  val 1.9056
2026-09-27 23:27:56 epoch   50  train 1.8991  val 1.8923
2026-09-27 23:28:32 epoch   51  train 1.8988  val 1.8906
2026-09-27 23:29:09 epoch   52  train 1.8951  val 1.9062
2026-09-27 23:29:45 epoch   53  train 1.8973  val 1.9011
2026-09-27 23:30:22 epoch   54  train 1.8972  val 1.8865 *
2026-09-27 23:30:59 epoch   55  train 1.9040  val 1.8925
2026-09-27 23:31:35 epoch   56  train 1.8959  val 1.9255
2026-09-27 23:32:12 epoch   57  train 1.8921  val 1.9007
2026-09-27 23:32:48 epoch   58  train 1.8990  val 1.8788 *
2026-09-27 23:33:25 epoch   59  train 1.8947  val 1.8907
2026-09-27 23:34:01 epoch   60  train 1.9004  val 1.8956
2026-09-27 23:34:38 epoch   61  train 1.8896  val 1.8857
2026-09-27 23:35:15 epoch   62  train 1.8889  val 1.8931
2026-09-27 23:35:51 epoch   63  train 1.8873  val 1.9037
2026-09-27 23:36:28 epoch   64  train 1.8906  val 1.8928
2026-09-27 23:37:04 epoch   65  train 1.8874  val 1.8936
2026-09-27 23:37:41 epoch   66  train 1.8859  val 1.8864
2026-09-27 23:38:17 epoch   67  train 1.8879  val 1.8796
2026-09-27 23:38:54 epoch   68  train 1.8891  val 1.9004
2026-09-27 23:39:30 epoch   69  train 1.8894  val 1.9062
2026-09-27 23:40:07 epoch   70  train 1.8902  val 1.8862
2026-09-27 23:40:44 epoch   71  train 1.8883  val 1.8721 *
2026-09-27 23:41:20 epoch   72  train 1.8897  val 1.8960
2026-09-27 23:41:57 epoch   73  train 1.8872  val 1.8939
2026-09-27 23:42:33 epoch   74  train 1.8839  val 1.8804
2026-09-27 23:43:10 epoch   75  train 1.8868  val 1.8982
2026-09-27 23:43:46 epoch   76  train 1.8774  val 1.8801
2026-09-27 23:44:23 epoch   77  train 1.8831  val 1.8708 *
2026-09-27 23:44:59 epoch   78  train 1.8796  val 1.8658 *
2026-09-27 23:45:36 epoch   79  train 1.8831  val 1.8878
2026-09-27 23:46:13 epoch   80  train 1.8858  val 1.8621 *
2026-09-27 23:46:49 epoch   81  train 1.8847  val 1.8800
2026-09-27 23:47:26 epoch   82  train 1.8879  val 1.8624
2026-09-27 23:48:02 epoch   83  train 1.8858  val 1.8960
2026-09-27 23:48:39 epoch   84  train 1.8770  val 1.8757
2026-09-27 23:49:15 epoch   85  train 1.8740  val 1.8901
2026-09-27 23:49:52 epoch   86  train 1.8796  val 1.8708
2026-09-27 23:50:28 epoch   87  train 1.8875  val 1.8596 *
2026-09-27 23:51:05 epoch   88  train 1.8818  val 1.8783
2026-09-27 23:51:41 epoch   89  train 1.8771  val 1.8828
2026-09-27 23:52:18 epoch   90  train 1.8822  val 1.8948
2026-09-27 23:52:55 epoch   91  train 1.8756  val 1.8741
2026-09-27 23:53:31 epoch   92  train 1.8805  val 1.8855
2026-09-27 23:54:08 epoch   93  train 1.8777  val 1.8585 *
2026-09-27 23:54:44 epoch   94  train 1.8790  val 1.8788
2026-09-27 23:55:21 epoch   95  train 1.8838  val 1.8863
2026-09-27 23:55:57 epoch   96  train 1.8740  val 1.8694
2026-09-27 23:56:34 epoch   97  train 1.8658  val 1.8665
2026-09-27 23:57:11 epoch   98  train 1.8763  val 1.8834
2026-09-27 23:57:47 epoch   99  train 1.8798  val 1.8871
2026-09-27 23:58:24 epoch  100  train 1.8768  val 1.8865
2026-09-27 23:58:24 best val 1.8585, 3778s, saved to ckpt/flow_s0.pt
2026-09-27 23:58:24 
2026-09-27 23:58:24 == 2/3  diffusion      -> ckpt/diff_s0.pt
2026-09-27 23:58:26 /mnt/isilon/tan_lab/pany3/CIS6270-molecules/project1/molecules/data/qm9.py:58: FutureWarning: You are using `torch.load` with `weights_only=False` (the current default value), which uses the default pickle module implicitly. It is possible to construct malicious pickle data which will execute arbitrary code during unpickling (See https://github.com/pytorch/pytorch/blob/main/SECURITY.md#untrusted-models for more details). In a future release, the default value for `weights_only` will be flipped to `True`. This limits the functions that could be executed during unpickling. Arbitrary objects will no longer be allowed to be loaded via this mode unless they are explicitly allowlisted by the user via `torch.serialization.add_safe_globals`. We recommend you start setting `weights_only=True` for any use case where you don't have full control of the loaded file. Please open an issue on GitHub for any issues related to this experimental feature.
2026-09-27 23:58:26   d = torch.load(cache)
2026-09-27 23:58:28 diff: 0.71M parameters on cuda
2026-09-27 23:59:05 epoch    1  train 0.4120  val 0.3477 *
2026-09-28 00:00:31 epoch    2  train 0.3404  val 0.3319 *
2026-09-28 00:01:21 epoch    3  train 0.3249  val 0.3208 *
2026-09-28 00:01:58 epoch    4  train 0.3106  val 0.3094 *
2026-09-28 00:02:34 epoch    5  train 0.2982  val 0.2913 *
2026-09-28 00:03:11 epoch    6  train 0.2900  val 0.2876 *
2026-09-28 00:03:48 epoch    7  train 0.2837  val 0.2895
2026-09-28 00:04:24 epoch    8  train 0.2819  val 0.2957
2026-09-28 00:05:01 epoch    9  train 0.2760  val 0.2760 *
2026-09-28 00:05:37 epoch   10  train 0.2729  val 0.2723 *
2026-09-28 00:06:14 epoch   11  train 0.2705  val 0.2690 *
2026-09-28 00:06:51 epoch   12  train 0.2684  val 0.2681 *
2026-09-28 00:07:27 epoch   13  train 0.2652  val 0.2634 *
2026-09-28 00:08:04 epoch   14  train 0.2642  val 0.2593 *
2026-09-28 00:08:40 epoch   15  train 0.2610  val 0.2604
2026-09-28 00:09:17 epoch   16  train 0.2612  val 0.2613
2026-09-28 00:09:54 epoch   17  train 0.2601  val 0.2544 *
2026-09-28 00:10:30 epoch   18  train 0.2567  val 0.2569
2026-09-28 00:11:07 epoch   19  train 0.2557  val 0.2593
2026-09-28 00:11:43 epoch   20  train 0.2551  val 0.2548
2026-09-28 00:12:20 epoch   21  train 0.2551  val 0.2515 *
2026-09-28 00:12:57 epoch   22  train 0.2534  val 0.2565
2026-09-28 00:13:33 epoch   23  train 0.2536  val 0.2597
2026-09-28 00:14:10 epoch   24  train 0.2525  val 0.2533
2026-09-28 00:14:46 epoch   25  train 0.2501  val 0.2503 *
2026-09-28 00:15:23 epoch   26  train 0.2507  val 0.2494 *
2026-09-28 00:16:00 epoch   27  train 0.2507  val 0.2502
2026-09-28 00:16:36 epoch   28  train 0.2511  val 0.2478 *
2026-09-28 00:17:13 epoch   29  train 0.2484  val 0.2462 *
2026-09-28 00:17:49 epoch   30  train 0.2486  val 0.2454 *
2026-09-28 00:18:26 epoch   31  train 0.2470  val 0.2502
2026-09-28 00:19:03 epoch   32  train 0.2477  val 0.2455
2026-09-28 00:19:39 epoch   33  train 0.2475  val 0.2425 *
2026-09-28 00:20:16 epoch   34  train 0.2474  val 0.2454
2026-09-28 00:20:52 epoch   35  train 0.2456  val 0.2444
2026-09-28 00:21:29 epoch   36  train 0.2451  val 0.2394 *
2026-09-28 00:22:05 epoch   37  train 0.2434  val 0.2443
2026-09-28 00:22:42 epoch   38  train 0.2445  val 0.2461
2026-09-28 00:23:19 epoch   39  train 0.2437  val 0.2438
2026-09-28 00:23:55 epoch   40  train 0.2437  val 0.2417
2026-09-28 00:24:32 epoch   41  train 0.2447  val 0.2443
2026-09-28 00:25:08 epoch   42  train 0.2439  val 0.2399
2026-09-28 00:25:45 epoch   43  train 0.2442  val 0.2401
2026-09-28 00:26:21 epoch   44  train 0.2416  val 0.2483
2026-09-28 00:26:58 epoch   45  train 0.2435  val 0.2406
2026-09-28 00:27:35 epoch   46  train 0.2429  val 0.2437
2026-09-28 00:28:11 epoch   47  train 0.2419  val 0.2400
2026-09-28 00:28:48 epoch   48  train 0.2410  val 0.2422
2026-09-28 00:29:24 epoch   49  train 0.2401  val 0.2379 *
2026-09-28 00:30:01 epoch   50  train 0.2397  val 0.2385
2026-09-28 00:30:37 epoch   51  train 0.2407  val 0.2442
2026-09-28 00:31:14 epoch   52  train 0.2397  val 0.2392
2026-09-28 00:31:51 epoch   53  train 0.2392  val 0.2411
2026-09-28 00:32:27 epoch   54  train 0.2400  val 0.2374 *
2026-09-28 00:33:04 epoch   55  train 0.2381  val 0.2406
2026-09-28 00:33:40 epoch   56  train 0.2403  val 0.2393
2026-09-28 00:34:17 epoch   57  train 0.2393  val 0.2368 *
2026-09-28 00:34:54 epoch   58  train 0.2398  val 0.2382
2026-09-28 00:35:30 epoch   59  train 0.2389  val 0.2389
2026-09-28 00:36:07 epoch   60  train 0.2387  val 0.2362 *
2026-09-28 00:36:43 epoch   61  train 0.2380  val 0.2377
2026-09-28 00:37:20 epoch   62  train 0.2375  val 0.2353 *
2026-09-28 00:37:56 epoch   63  train 0.2371  val 0.2372
2026-09-28 00:38:33 epoch   64  train 0.2385  val 0.2393
2026-09-28 00:39:10 epoch   65  train 0.2387  val 0.2331 *
2026-09-28 00:39:46 epoch   66  train 0.2369  val 0.2353
2026-09-28 00:40:23 epoch   67  train 0.2387  val 0.2401
2026-09-28 00:40:59 epoch   68  train 0.2382  val 0.2359
2026-09-28 00:41:36 epoch   69  train 0.2368  val 0.2347
2026-09-28 00:42:13 epoch   70  train 0.2362  val 0.2343
2026-09-28 00:42:49 epoch   71  train 0.2361  val 0.2350
2026-09-28 00:43:26 epoch   72  train 0.2358  val 0.2362
2026-09-28 00:44:02 epoch   73  train 0.2360  val 0.2381
2026-09-28 00:44:39 epoch   74  train 0.2368  val 0.2398
2026-09-28 00:45:15 epoch   75  train 0.2366  val 0.2362
2026-09-28 00:45:52 epoch   76  train 0.2361  val 0.2485
2026-09-28 00:46:29 epoch   77  train 0.2364  val 0.2369
2026-09-28 00:47:05 epoch   78  train 0.2354  val 0.2332
2026-09-28 00:47:42 epoch   79  train 0.2349  val 0.2368
2026-09-28 00:48:18 epoch   80  train 0.2341  val 0.2330 *
2026-09-28 00:48:55 epoch   81  train 0.2353  val 0.2352
2026-09-28 00:49:31 epoch   82  train 0.2349  val 0.2342
2026-09-28 00:50:08 epoch   83  train 0.2354  val 0.2335
2026-09-28 00:50:45 epoch   84  train 0.2362  val 0.2360
2026-09-28 00:51:21 epoch   85  train 0.2346  val 0.2409
2026-09-28 00:51:58 epoch   86  train 0.2363  val 0.2333
2026-09-28 00:52:34 epoch   87  train 0.2334  val 0.2339
2026-09-28 00:53:11 epoch   88  train 0.2346  val 0.2326 *
2026-09-28 00:53:48 epoch   89  train 0.2345  val 0.2331
2026-09-28 00:54:24 epoch   90  train 0.2339  val 0.2326
2026-09-28 00:55:01 epoch   91  train 0.2342  val 0.2298 *
2026-09-28 00:55:37 epoch   92  train 0.2328  val 0.2315
2026-09-28 00:56:14 epoch   93  train 0.2338  val 0.2331
2026-09-28 00:56:50 epoch   94  train 0.2324  val 0.2333
2026-09-28 00:57:27 epoch   95  train 0.2332  val 0.2312
2026-09-28 00:58:04 epoch   96  train 0.2338  val 0.2313
2026-09-28 00:58:40 epoch   97  train 0.2313  val 0.2339
2026-09-28 00:59:17 epoch   98  train 0.2334  val 0.2346
2026-09-28 00:59:53 epoch   99  train 0.2333  val 0.2398
2026-09-28 01:00:30 epoch  100  train 0.2342  val 0.2303
2026-09-28 01:00:30 best val 0.2298, 3722s, saved to ckpt/diff_s0.pt
2026-09-28 01:00:31 
2026-09-28 01:00:31 == 3/3  property net   -> ckpt/propeval.pt   (evaluator, t=1 only)
2026-09-28 01:00:33 /mnt/isilon/tan_lab/pany3/CIS6270-molecules/project1/molecules/data/qm9.py:58: FutureWarning: You are using `torch.load` with `weights_only=False` (the current default value), which uses the default pickle module implicitly. It is possible to construct malicious pickle data which will execute arbitrary code during unpickling (See https://github.com/pytorch/pytorch/blob/main/SECURITY.md#untrusted-models for more details). In a future release, the default value for `weights_only` will be flipped to `True`. This limits the functions that could be executed during unpickling. Arbitrary objects will no longer be allowed to be loaded via this mode unless they are explicitly allowlisted by the user via `torch.serialization.add_safe_globals`. We recommend you start setting `weights_only=True` for any use case where you don't have full control of the loaded file. Please open an issue on GitHub for any issues related to this experimental feature.
2026-09-28 01:00:33   d = torch.load(cache)
2026-09-28 01:00:35 prop: 0.48M parameters on cuda
2026-09-28 01:00:59 epoch    1  train 0.0946  val 0.0721 *
2026-09-28 01:01:23 epoch    2  train 0.0509  val 0.0444 *
2026-09-28 01:01:46 epoch    3  train 0.0431  val 0.0354 *
2026-09-28 01:02:10 epoch    4  train 0.0402  val 0.0341 *
2026-09-28 01:02:34 epoch    5  train 0.0375  val 0.0504
2026-09-28 01:02:57 epoch    6  train 0.0364  val 0.0295 *
2026-09-28 01:03:21 epoch    7  train 0.0347  val 0.0329
2026-09-28 01:03:45 epoch    8  train 0.0324  val 0.0268 *
2026-09-28 01:04:08 epoch    9  train 0.0318  val 0.0381
2026-09-28 01:04:32 epoch   10  train 0.0291  val 0.0264 *
2026-09-28 01:04:56 epoch   11  train 0.0272  val 0.0213 *
2026-09-28 01:05:19 epoch   12  train 0.0242  val 0.0186 *
2026-09-28 01:05:43 epoch   13  train 0.0224  val 0.0160 *
2026-09-28 01:06:07 epoch   14  train 0.0200  val 0.0150 *
2026-09-28 01:06:30 epoch   15  train 0.0182  val 0.0169
2026-09-28 01:06:54 epoch   16  train 0.0167  val 0.0121 *
2026-09-28 01:07:17 epoch   17  train 0.0158  val 0.0126
2026-09-28 01:07:41 epoch   18  train 0.0141  val 0.0119 *
2026-09-28 01:08:05 epoch   19  train 0.0139  val 0.0137
2026-09-28 01:08:28 epoch   20  train 0.0123  val 0.0105 *
2026-09-28 01:08:52 epoch   21  train 0.0116  val 0.0083 *
2026-09-28 01:09:16 epoch   22  train 0.0108  val 0.0106
2026-09-28 01:09:39 epoch   23  train 0.0113  val 0.0082 *
2026-09-28 01:10:03 epoch   24  train 0.0105  val 0.0087
2026-09-28 01:10:27 epoch   25  train 0.0096  val 0.0075 *
2026-09-28 01:10:50 epoch   26  train 0.0094  val 0.0098
2026-09-28 01:11:14 epoch   27  train 0.0093  val 0.0070 *
2026-09-28 01:11:38 epoch   28  train 0.0082  val 0.0064 *
2026-09-28 01:12:01 epoch   29  train 0.0090  val 0.0056 *
2026-09-28 01:12:25 epoch   30  train 0.0075  val 0.0054 *
2026-09-28 01:12:49 epoch   31  train 0.0077  val 0.0096
2026-09-28 01:13:12 epoch   32  train 0.0070  val 0.0071
2026-09-28 01:13:36 epoch   33  train 0.0064  val 0.0081
2026-09-28 01:13:59 epoch   34  train 0.0067  val 0.0103
2026-09-28 01:14:23 epoch   35  train 0.0082  val 0.0052 *
2026-09-28 01:14:47 epoch   36  train 0.0061  val 0.0063
2026-09-28 01:15:10 epoch   37  train 0.0062  val 0.0048 *
2026-09-28 01:15:34 epoch   38  train 0.0054  val 0.0065
2026-09-28 01:15:58 epoch   39  train 0.0061  val 0.0043 *
2026-09-28 01:16:21 epoch   40  train 0.0073  val 0.0061
2026-09-28 01:16:45 epoch   41  train 0.0053  val 0.0042 *
2026-09-28 01:17:09 epoch   42  train 0.0060  val 0.0035 *
2026-09-28 01:17:32 epoch   43  train 0.0059  val 0.0040
2026-09-28 01:17:56 epoch   44  train 0.0054  val 0.0037
2026-09-28 01:18:19 epoch   45  train 0.0052  val 0.0046
2026-09-28 01:18:43 epoch   46  train 0.0047  val 0.0044
2026-09-28 01:19:07 epoch   47  train 0.0061  val 0.0034 *
2026-09-28 01:19:30 epoch   48  train 0.0041  val 0.0044
2026-09-28 01:19:54 epoch   49  train 0.0046  val 0.0055
2026-09-28 01:20:18 epoch   50  train 0.0052  val 0.0038
2026-09-28 01:20:18 best val 0.0034, 1183s, saved to ckpt/propeval.pt
2026-09-28 01:20:18 
2026-09-28 01:20:18 == trajectory figure -> figures/fig_trajectory.png
2026-09-28 01:20:20 molecule with 16 atoms, w=0.0, gate=none, device=cuda
2026-09-28 01:20:26 wrote figures/fig_trajectory.png
2026-09-28 01:20:26 wrote figures/fig_trajectory.pdf
2026-09-28 01:20:27 
2026-09-28 01:20:27 == 4.2  flow, 50 steps
2026-09-28 01:20:30   250/2000
2026-09-28 01:20:31   500/2000
2026-09-28 01:20:33   750/2000
2026-09-28 01:20:34   1000/2000
2026-09-28 01:20:35   1250/2000
2026-09-28 01:20:37   1500/2000
2026-09-28 01:20:38   1750/2000
2026-09-28 01:20:39   2000/2000
2026-09-28 01:20:39 saved 2000 samples to results/42_flow_50.pt  (NFE 50, mean gate 1.000)
2026-09-28 01:20:47 {
2026-09-28 01:20:47   "n_samples": 2000,
2026-09-28 01:20:47   "atom_stability": 0.8351048827171326,
2026-09-28 01:20:47   "mol_stability": 0.05950000137090683,
2026-09-28 01:20:47   "validity": 0.4055,
2026-09-28 01:20:47   "uniqueness": 1.0,
2026-09-28 01:20:47   "nfe": 50,
2026-09-28 01:20:47   "mean_gate": 1.0,
2026-09-28 01:20:47   "novelty": 0.966707768187423,
2026-09-28 01:20:47   "config": {
2026-09-28 01:20:47     "ckpt": "ckpt/flow_s0.pt",
2026-09-28 01:20:47     "out": "results/42_flow_50.pt",
2026-09-28 01:20:47     "n": 2000,
2026-09-28 01:20:47     "batch_size": 250,
2026-09-28 01:20:47     "steps": 50,
2026-09-28 01:20:47     "w": 0.0,
2026-09-28 01:20:47     "gate": "none",
2026-09-28 01:20:47     "beta": 1.0,
2026-09-28 01:20:47     "rho": 0.0,
2026-09-28 01:20:47     "one_sided": false,
2026-09-28 01:20:47     "target": null,
2026-09-28 01:20:47     "seed": 0
2026-09-28 01:20:47   }
2026-09-28 01:20:47 }
2026-09-28 01:20:47 
2026-09-28 01:20:47 == 4.2  flow, 100 steps
2026-09-28 01:20:52   250/2000
2026-09-28 01:20:55   500/2000
2026-09-28 01:20:57   750/2000
2026-09-28 01:21:00   1000/2000
2026-09-28 01:21:02   1250/2000
2026-09-28 01:21:05   1500/2000
2026-09-28 01:21:08   1750/2000
2026-09-28 01:21:10   2000/2000
2026-09-28 01:21:10 saved 2000 samples to results/42_flow_100.pt  (NFE 100, mean gate 1.000)
2026-09-28 01:21:18 {
2026-09-28 01:21:18   "n_samples": 2000,
2026-09-28 01:21:18   "atom_stability": 0.8451530933380127,
2026-09-28 01:21:18   "mol_stability": 0.07700000703334808,
2026-09-28 01:21:18   "validity": 0.4235,
2026-09-28 01:21:18   "uniqueness": 1.0,
2026-09-28 01:21:18   "nfe": 100,
2026-09-28 01:21:18   "mean_gate": 1.0,
2026-09-28 01:21:18   "novelty": 0.9574970484061394,
2026-09-28 01:21:18   "config": {
2026-09-28 01:21:18     "ckpt": "ckpt/flow_s0.pt",
2026-09-28 01:21:18     "out": "results/42_flow_100.pt",
2026-09-28 01:21:18     "n": 2000,
2026-09-28 01:21:18     "batch_size": 250,
2026-09-28 01:21:18     "steps": 100,
2026-09-28 01:21:18     "w": 0.0,
2026-09-28 01:21:18     "gate": "none",
2026-09-28 01:21:18     "beta": 1.0,
2026-09-28 01:21:18     "rho": 0.0,
2026-09-28 01:21:18     "one_sided": false,
2026-09-28 01:21:18     "target": null,
2026-09-28 01:21:18     "seed": 0
2026-09-28 01:21:18   }
2026-09-28 01:21:18 }
2026-09-28 01:21:18 
2026-09-28 01:21:18 == 4.2  flow, 200 steps
2026-09-28 01:21:26   250/2000
2026-09-28 01:21:31   500/2000
2026-09-28 01:21:36   750/2000
2026-09-28 01:21:41   1000/2000
2026-09-28 01:21:47   1250/2000
2026-09-28 01:21:52   1500/2000
2026-09-28 01:21:57   1750/2000
2026-09-28 01:22:02   2000/2000
2026-09-28 01:22:02 saved 2000 samples to results/42_flow_200.pt  (NFE 200, mean gate 1.000)
2026-09-28 01:22:10 {
2026-09-28 01:22:10   "n_samples": 2000,
2026-09-28 01:22:10   "atom_stability": 0.8499972224235535,
2026-09-28 01:22:10   "mol_stability": 0.07950000464916229,
2026-09-28 01:22:10   "validity": 0.4165,
2026-09-28 01:22:10   "uniqueness": 1.0,
2026-09-28 01:22:10   "nfe": 200,
2026-09-28 01:22:10   "mean_gate": 1.0,
2026-09-28 01:22:10   "novelty": 0.957983193277311,
2026-09-28 01:22:10   "config": {
2026-09-28 01:22:10     "ckpt": "ckpt/flow_s0.pt",
2026-09-28 01:22:10     "out": "results/42_flow_200.pt",
2026-09-28 01:22:10     "n": 2000,
2026-09-28 01:22:10     "batch_size": 250,
2026-09-28 01:22:10     "steps": 200,
2026-09-28 01:22:10     "w": 0.0,
2026-09-28 01:22:10     "gate": "none",
2026-09-28 01:22:10     "beta": 1.0,
2026-09-28 01:22:10     "rho": 0.0,
2026-09-28 01:22:10     "one_sided": false,
2026-09-28 01:22:10     "target": null,
2026-09-28 01:22:10     "seed": 0
2026-09-28 01:22:10   }
2026-09-28 01:22:10 }
2026-09-28 01:22:11 
2026-09-28 01:22:11 == 4.2  diffusion
2026-09-28 01:22:38   250/2000
2026-09-28 01:23:04   500/2000
2026-09-28 01:23:30   750/2000
2026-09-28 01:23:56   1000/2000
2026-09-28 01:24:22   1250/2000
2026-09-28 01:24:48   1500/2000
2026-09-28 01:25:14   1750/2000
2026-09-28 01:25:40   2000/2000
2026-09-28 01:25:40 saved 2000 samples to results/42_diff.pt  (NFE 1000, mean gate 1.000)
2026-09-28 01:25:47 {
2026-09-28 01:25:47   "n_samples": 2000,
2026-09-28 01:25:47   "atom_stability": 0.8510667681694031,
2026-09-28 01:25:47   "mol_stability": 0.1055000051856041,
2026-09-28 01:25:47   "validity": 0.377,
2026-09-28 01:25:47   "uniqueness": 1.0,
2026-09-28 01:25:47   "nfe": 1000,
2026-09-28 01:25:47   "mean_gate": 1.0,
2026-09-28 01:25:47   "novelty": 0.9310344827586207,
2026-09-28 01:25:47   "config": {
2026-09-28 01:25:47     "ckpt": "ckpt/diff_s0.pt",
2026-09-28 01:25:47     "out": "results/42_diff.pt",
2026-09-28 01:25:47     "n": 2000,
2026-09-28 01:25:47     "batch_size": 250,
2026-09-28 01:25:47     "steps": 200,
2026-09-28 01:25:47     "w": 0.0,
2026-09-28 01:25:47     "gate": "none",
2026-09-28 01:25:47     "beta": 1.0,
2026-09-28 01:25:47     "rho": 0.0,
2026-09-28 01:25:47     "one_sided": false,
2026-09-28 01:25:47     "target": null,
2026-09-28 01:25:47     "seed": 0
2026-09-28 01:25:47   }
2026-09-28 01:25:47 }
2026-09-28 01:25:48 
2026-09-28 01:25:48 == 4.3  guidance w=0  (unguided)
2026-09-28 01:25:55   250/2000
2026-09-28 01:26:00   500/2000
2026-09-28 01:26:05   750/2000
2026-09-28 01:26:11   1000/2000
2026-09-28 01:26:16   1250/2000
2026-09-28 01:26:21   1500/2000
2026-09-28 01:26:26   1750/2000
2026-09-28 01:26:32   2000/2000
2026-09-28 01:26:32 saved 2000 samples to results/43_cfg_w0.pt  (NFE 200, mean gate 1.000)
2026-09-28 01:26:40 {
2026-09-28 01:26:40   "n_samples": 2000,
2026-09-28 01:26:40   "atom_stability": 0.8499972224235535,
2026-09-28 01:26:40   "mol_stability": 0.07950000464916229,
2026-09-28 01:26:40   "validity": 0.4165,
2026-09-28 01:26:40   "uniqueness": 1.0,
2026-09-28 01:26:40   "nfe": 200,
2026-09-28 01:26:40   "mean_gate": 1.0,
2026-09-28 01:26:40   "novelty": 0.957983193277311,
2026-09-28 01:26:40   "prop_mae_standardized": 0.7482128143310547,
2026-09-28 01:26:40   "prop_mae": 6.114725441610062,
2026-09-28 01:26:40   "config": {
2026-09-28 01:26:40     "ckpt": "ckpt/flow_s0.pt",
2026-09-28 01:26:40     "out": "results/43_cfg_w0.pt",
2026-09-28 01:26:40     "n": 2000,
2026-09-28 01:26:40     "batch_size": 250,
2026-09-28 01:26:40     "steps": 200,
2026-09-28 01:26:40     "w": 0.0,
2026-09-28 01:26:40     "gate": "none",
2026-09-28 01:26:40     "beta": 1.0,
2026-09-28 01:26:40     "rho": 0.0,
2026-09-28 01:26:40     "one_sided": false,
2026-09-28 01:26:40     "target": 75.0,
2026-09-28 01:26:40     "seed": 0
2026-09-28 01:26:40   }
2026-09-28 01:26:40 }
2026-09-28 01:26:40 
2026-09-28 01:26:40 == 4.3  guidance w=1  (guided)
2026-09-28 01:26:52   250/2000
2026-09-28 01:27:03   500/2000
2026-09-28 01:27:13   750/2000
2026-09-28 01:27:24   1000/2000
2026-09-28 01:27:35   1250/2000
2026-09-28 01:27:45   1500/2000
2026-09-28 01:27:56   1750/2000
2026-09-28 01:28:06   2000/2000
2026-09-28 01:28:06 saved 2000 samples to results/43_cfg_w1.pt  (NFE 400, mean gate 1.000)
2026-09-28 01:28:14 {
2026-09-28 01:28:14   "n_samples": 2000,
2026-09-28 01:28:14   "atom_stability": 0.8413054347038269,
2026-09-28 01:28:14   "mol_stability": 0.07100000232458115,
2026-09-28 01:28:14   "validity": 0.393,
2026-09-28 01:28:14   "uniqueness": 1.0,
2026-09-28 01:28:14   "nfe": 400,
2026-09-28 01:28:14   "mean_gate": 1.0,
2026-09-28 01:28:14   "novelty": 0.9643765903307888,
2026-09-28 01:28:14   "prop_mae_standardized": 0.3551764190196991,
2026-09-28 01:28:14   "prop_mae": 2.902658500417999,
2026-09-28 01:28:14   "config": {
2026-09-28 01:28:14     "ckpt": "ckpt/flow_s0.pt",
2026-09-28 01:28:14     "out": "results/43_cfg_w1.pt",
2026-09-28 01:28:14     "n": 2000,
2026-09-28 01:28:14     "batch_size": 250,
2026-09-28 01:28:14     "steps": 200,
2026-09-28 01:28:14     "w": 1.0,
2026-09-28 01:28:14     "gate": "none",
2026-09-28 01:28:14     "beta": 1.0,
2026-09-28 01:28:14     "rho": 0.0,
2026-09-28 01:28:14     "one_sided": false,
2026-09-28 01:28:14     "target": 75.0,
2026-09-28 01:28:14     "seed": 0
2026-09-28 01:28:14   }
2026-09-28 01:28:14 }
2026-09-28 01:28:15 
2026-09-28 01:28:15 == 4.3  guidance w=2  (guided)
2026-09-28 01:28:27   250/2000
2026-09-28 01:28:37   500/2000
2026-09-28 01:28:48   750/2000
2026-09-28 01:28:58   1000/2000
2026-09-28 01:29:09   1250/2000
2026-09-28 01:29:19   1500/2000
2026-09-28 01:29:30   1750/2000
2026-09-28 01:29:40   2000/2000
2026-09-28 01:29:41 saved 2000 samples to results/43_cfg_w2.pt  (NFE 400, mean gate 1.000)
2026-09-28 01:29:48 {
2026-09-28 01:29:48   "n_samples": 2000,
2026-09-28 01:29:48   "atom_stability": 0.8405580520629883,
2026-09-28 01:29:49   "mol_stability": 0.08250000327825546,
2026-09-28 01:29:49   "validity": 0.379,
2026-09-28 01:29:49   "uniqueness": 0.9986807387862797,
2026-09-28 01:29:49   "nfe": 400,
2026-09-28 01:29:49   "mean_gate": 1.0,
2026-09-28 01:29:49   "novelty": 0.9564068692206077,
2026-09-28 01:29:49   "prop_mae_standardized": 0.3199288249015808,
2026-09-28 01:29:49   "prop_mae": 2.6145996000872174,
2026-09-28 01:29:49   "config": {
2026-09-28 01:29:49     "ckpt": "ckpt/flow_s0.pt",
2026-09-28 01:29:49     "out": "results/43_cfg_w2.pt",
2026-09-28 01:29:49     "n": 2000,
2026-09-28 01:29:49     "batch_size": 250,
2026-09-28 01:29:49     "steps": 200,
2026-09-28 01:29:49     "w": 2.0,
2026-09-28 01:29:49     "gate": "none",
2026-09-28 01:29:49     "beta": 1.0,
2026-09-28 01:29:49     "rho": 0.0,
2026-09-28 01:29:49     "one_sided": false,
2026-09-28 01:29:49     "target": 75.0,
2026-09-28 01:29:49     "seed": 0
2026-09-28 01:29:49   }
2026-09-28 01:29:49 }
2026-09-28 01:29:49 
2026-09-28 01:29:49 == 4.3  guidance w=4  (guided)
2026-09-28 01:30:01   250/2000
2026-09-28 01:30:12   500/2000
2026-09-28 01:30:22   750/2000
2026-09-28 01:30:33   1000/2000
2026-09-28 01:30:43   1250/2000
2026-09-28 01:30:54   1500/2000
2026-09-28 01:31:04   1750/2000
2026-09-28 01:31:15   2000/2000
2026-09-28 01:31:15 saved 2000 samples to results/43_cfg_w4.pt  (NFE 400, mean gate 1.000)
2026-09-28 01:31:23 {
2026-09-28 01:31:23   "n_samples": 2000,
2026-09-28 01:31:23   "atom_stability": 0.8336101174354553,
2026-09-28 01:31:23   "mol_stability": 0.07700000703334808,
2026-09-28 01:31:23   "validity": 0.368,
2026-09-28 01:31:23   "uniqueness": 1.0,
2026-09-28 01:31:23   "nfe": 400,
2026-09-28 01:31:23   "mean_gate": 1.0,
2026-09-28 01:31:23   "novelty": 0.9538043478260869,
2026-09-28 01:31:23   "prop_mae_standardized": 0.3270878195762634,
2026-09-28 01:31:23   "prop_mae": 2.673106065139905,
2026-09-28 01:31:23   "config": {
2026-09-28 01:31:23     "ckpt": "ckpt/flow_s0.pt",
2026-09-28 01:31:23     "out": "results/43_cfg_w4.pt",
2026-09-28 01:31:23     "n": 2000,
2026-09-28 01:31:23     "batch_size": 250,
2026-09-28 01:31:23     "steps": 200,
2026-09-28 01:31:23     "w": 4.0,
2026-09-28 01:31:23     "gate": "none",
2026-09-28 01:31:23     "beta": 1.0,
2026-09-28 01:31:23     "rho": 0.0,
2026-09-28 01:31:23     "one_sided": false,
2026-09-28 01:31:23     "target": 75.0,
2026-09-28 01:31:23     "seed": 0
2026-09-28 01:31:23   }
2026-09-28 01:31:23 }
2026-09-28 01:31:23 
2026-09-28 01:31:23 == 4.4  ablation gate=none
2026-09-28 01:31:36   250/2000
2026-09-28 01:31:46   500/2000
2026-09-28 01:31:57   750/2000
2026-09-28 01:32:07   1000/2000
2026-09-28 01:32:18   1250/2000
2026-09-28 01:32:28   1500/2000
2026-09-28 01:32:39   1750/2000
2026-09-28 01:32:49   2000/2000
2026-09-28 01:32:49 saved 2000 samples to results/44_none.pt  (NFE 400, mean gate 1.000)
2026-09-28 01:32:57 {
2026-09-28 01:32:57   "n_samples": 2000,
2026-09-28 01:32:57   "atom_stability": 0.8405580520629883,
2026-09-28 01:32:57   "mol_stability": 0.08250000327825546,
2026-09-28 01:32:57   "validity": 0.379,
2026-09-28 01:32:57   "uniqueness": 0.9986807387862797,
2026-09-28 01:32:57   "nfe": 400,
2026-09-28 01:32:57   "mean_gate": 1.0,
2026-09-28 01:32:57   "novelty": 0.9564068692206077,
2026-09-28 01:32:57   "prop_mae_standardized": 0.3199288249015808,
2026-09-28 01:32:57   "prop_mae": 2.6145996000872174,
2026-09-28 01:32:57   "config": {
2026-09-28 01:32:57     "ckpt": "ckpt/flow_s0.pt",
2026-09-28 01:32:57     "out": "results/44_none.pt",
2026-09-28 01:32:57     "n": 2000,
2026-09-28 01:32:57     "batch_size": 250,
2026-09-28 01:32:57     "steps": 200,
2026-09-28 01:32:57     "w": 2.0,
2026-09-28 01:32:57     "gate": "none",
2026-09-28 01:32:57     "beta": 1.0,
2026-09-28 01:32:57     "rho": 0.0,
2026-09-28 01:32:57     "one_sided": false,
2026-09-28 01:32:57     "target": 75.0,
2026-09-28 01:32:57     "seed": 0
2026-09-28 01:32:57   }
2026-09-28 01:32:57 }
2026-09-28 01:32:58 
2026-09-28 01:32:58 == 4.4  ablation gate=global
2026-09-28 01:33:11   250/2000
2026-09-28 01:33:21   500/2000
2026-09-28 01:33:32   750/2000
2026-09-28 01:33:43   1000/2000
2026-09-28 01:33:54   1250/2000
2026-09-28 01:34:05   1500/2000
2026-09-28 01:34:15   1750/2000
2026-09-28 01:34:26   2000/2000
2026-09-28 01:34:26 saved 2000 samples to results/44_global.pt  (NFE 400, mean gate 0.388)
2026-09-28 01:34:34 {
2026-09-28 01:34:34   "n_samples": 2000,
2026-09-28 01:34:34   "atom_stability": 0.842191219329834,
2026-09-28 01:34:34   "mol_stability": 0.07800000160932541,
2026-09-28 01:34:34   "validity": 0.396,
2026-09-28 01:34:34   "uniqueness": 1.0,
2026-09-28 01:34:34   "nfe": 400,
2026-09-28 01:34:34   "mean_gate": 0.38820134475827217,
2026-09-28 01:34:34   "novelty": 0.9558080808080808,
2026-09-28 01:34:34   "prop_mae_standardized": 0.32958975434303284,
2026-09-28 01:34:34   "prop_mae": 2.69355298061447,
2026-09-28 01:34:34   "config": {
2026-09-28 01:34:34     "ckpt": "ckpt/flow_s0.pt",
2026-09-28 01:34:34     "out": "results/44_global.pt",
2026-09-28 01:34:34     "n": 2000,
2026-09-28 01:34:34     "batch_size": 250,
2026-09-28 01:34:34     "steps": 200,
2026-09-28 01:34:34     "w": 2.0,
2026-09-28 01:34:34     "gate": "global",
2026-09-28 01:34:34     "beta": 1.0,
2026-09-28 01:34:34     "rho": 0.0,
2026-09-28 01:34:34     "one_sided": false,
2026-09-28 01:34:34     "target": 75.0,
2026-09-28 01:34:34     "seed": 0
2026-09-28 01:34:34   }
2026-09-28 01:34:34 }
2026-09-28 01:34:35 
2026-09-28 01:34:35 == 4.4  ablation gate=shuffled
2026-09-28 01:34:47   250/2000
2026-09-28 01:34:58   500/2000
2026-09-28 01:35:09   750/2000
2026-09-28 01:35:20   1000/2000
2026-09-28 01:35:31   1250/2000
2026-09-28 01:35:42   1500/2000
2026-09-28 01:35:52   1750/2000
2026-09-28 01:36:03   2000/2000
2026-09-28 01:36:03 saved 2000 samples to results/44_shuffled.pt  (NFE 400, mean gate 0.387)
2026-09-28 01:36:11 {
2026-09-28 01:36:11   "n_samples": 2000,
2026-09-28 01:36:11   "atom_stability": 0.8400732278823853,
2026-09-28 01:36:11   "mol_stability": 0.06700000166893005,
2026-09-28 01:36:11   "validity": 0.3805,
2026-09-28 01:36:11   "uniqueness": 0.9986859395532195,
2026-09-28 01:36:11   "nfe": 400,
2026-09-28 01:36:11   "mean_gate": 0.3874504193663597,
2026-09-28 01:36:11   "novelty": 0.9657894736842105,
2026-09-28 01:36:11   "prop_mae_standardized": 0.33137404918670654,
2026-09-28 01:36:11   "prop_mae": 2.7081350258119983,
2026-09-28 01:36:11   "config": {
2026-09-28 01:36:11     "ckpt": "ckpt/flow_s0.pt",
2026-09-28 01:36:11     "out": "results/44_shuffled.pt",
2026-09-28 01:36:11     "n": 2000,
2026-09-28 01:36:11     "batch_size": 250,
2026-09-28 01:36:11     "steps": 200,
2026-09-28 01:36:11     "w": 2.0,
2026-09-28 01:36:11     "gate": "shuffled",
2026-09-28 01:36:11     "beta": 1.0,
2026-09-28 01:36:11     "rho": 0.0,
2026-09-28 01:36:11     "one_sided": false,
2026-09-28 01:36:11     "target": 75.0,
2026-09-28 01:36:11     "seed": 0
2026-09-28 01:36:11   }
2026-09-28 01:36:11 }
2026-09-28 01:36:12 
2026-09-28 01:36:12 == 4.4  ablation gate=per_atom
2026-09-28 01:36:24   250/2000
2026-09-28 01:36:35   500/2000
2026-09-28 01:36:46   750/2000
2026-09-28 01:36:57   1000/2000
2026-09-28 01:37:08   1250/2000
2026-09-28 01:37:18   1500/2000
2026-09-28 01:37:29   1750/2000
2026-09-28 01:37:40   2000/2000
2026-09-28 01:37:40 saved 2000 samples to results/44_per_atom.pt  (NFE 400, mean gate 0.388)
2026-09-28 01:37:48 {
2026-09-28 01:37:48   "n_samples": 2000,
2026-09-28 01:37:48   "atom_stability": 0.845678985118866,
2026-09-28 01:37:48   "mol_stability": 0.0755000039935112,
2026-09-28 01:37:48   "validity": 0.393,
2026-09-28 01:37:48   "uniqueness": 1.0,
2026-09-28 01:37:48   "nfe": 400,
2026-09-28 01:37:48   "mean_gate": 0.38824494183063507,
2026-09-28 01:37:48   "novelty": 0.9656488549618321,
2026-09-28 01:37:48   "prop_mae_standardized": 0.3618104159832001,
2026-09-28 01:37:48   "prop_mae": 2.956874452397585,
2026-09-28 01:37:48   "config": {
2026-09-28 01:37:48     "ckpt": "ckpt/flow_s0.pt",
2026-09-28 01:37:48     "out": "results/44_per_atom.pt",
2026-09-28 01:37:48     "n": 2000,
2026-09-28 01:37:48     "batch_size": 250,
2026-09-28 01:37:48     "steps": 200,
2026-09-28 01:37:48     "w": 2.0,
2026-09-28 01:37:48     "gate": "per_atom",
2026-09-28 01:37:48     "beta": 1.0,
2026-09-28 01:37:48     "rho": 0.0,
2026-09-28 01:37:48     "one_sided": false,
2026-09-28 01:37:48     "target": 75.0,
2026-09-28 01:37:48     "seed": 0
2026-09-28 01:37:48   }
2026-09-28 01:37:48 }
2026-09-28 01:37:49 
2026-09-28 01:37:49 == 4.4  additive-constraint control (the HLTF form), rho=0.001
2026-09-28 01:38:02   250/2000
2026-09-28 01:38:13   500/2000
2026-09-28 01:38:24   750/2000
2026-09-28 01:38:36   1000/2000
2026-09-28 01:38:47   1250/2000
2026-09-28 01:38:58   1500/2000
2026-09-28 01:39:09   1750/2000
2026-09-28 01:39:21   2000/2000
2026-09-28 01:39:21 saved 2000 samples to results/44_penalty_r0.001.pt  (NFE 400, mean gate 1.000)
2026-09-28 01:39:29 {
2026-09-28 01:39:29   "n_samples": 2000,
2026-09-28 01:39:29   "atom_stability": 0.83319491147995,
2026-09-28 01:39:29   "mol_stability": 0.06400000303983688,
2026-09-28 01:39:29   "validity": 0.37,
2026-09-28 01:39:29   "uniqueness": 0.9986486486486487,
2026-09-28 01:39:29   "nfe": 400,
2026-09-28 01:39:29   "mean_gate": 1.0,
2026-09-28 01:39:29   "novelty": 0.9607577807848444,
2026-09-28 01:39:29   "prop_mae_standardized": 0.3272375166416168,
2026-09-28 01:39:29   "prop_mae": 2.674329455646614,
2026-09-28 01:39:29   "config": {
2026-09-28 01:39:29     "ckpt": "ckpt/flow_s0.pt",
2026-09-28 01:39:29     "out": "results/44_penalty_r0.001.pt",
2026-09-28 01:39:29     "n": 2000,
2026-09-28 01:39:29     "batch_size": 250,
2026-09-28 01:39:29     "steps": 200,
2026-09-28 01:39:29     "w": 2.0,
2026-09-28 01:39:29     "gate": "none",
2026-09-28 01:39:29     "beta": 1.0,
2026-09-28 01:39:29     "rho": 0.001,
2026-09-28 01:39:29     "one_sided": false,
2026-09-28 01:39:29     "target": 75.0,
2026-09-28 01:39:29     "seed": 0
2026-09-28 01:39:29   }
2026-09-28 01:39:29 }
2026-09-28 01:39:29 
2026-09-28 01:39:29 == 4.4  additive-constraint control (the HLTF form), rho=0.01
2026-09-28 01:39:42   250/2000
2026-09-28 01:39:53   500/2000
2026-09-28 01:40:05   750/2000
2026-09-28 01:40:16   1000/2000
2026-09-28 01:40:27   1250/2000
2026-09-28 01:40:38   1500/2000
2026-09-28 01:40:50   1750/2000
2026-09-28 01:41:01   2000/2000
2026-09-28 01:41:01 saved 2000 samples to results/44_penalty_r0.01.pt  (NFE 400, mean gate 1.000)
2026-09-28 01:41:09 {
2026-09-28 01:41:09   "n_samples": 2000,
2026-09-28 01:41:09   "atom_stability": 0.8266345858573914,
2026-09-28 01:41:09   "mol_stability": 0.05900000408291817,
2026-09-28 01:41:09   "validity": 0.3355,
2026-09-28 01:41:09   "uniqueness": 0.9985096870342772,
2026-09-28 01:41:09   "nfe": 400,
2026-09-28 01:41:09   "mean_gate": 1.0,
2026-09-28 01:41:09   "novelty": 0.9671641791044776,
2026-09-28 01:41:09   "prop_mae_standardized": 0.32505011558532715,
2026-09-28 01:41:09   "prop_mae": 2.656453048515232,
2026-09-28 01:41:09   "config": {
2026-09-28 01:41:09     "ckpt": "ckpt/flow_s0.pt",
2026-09-28 01:41:09     "out": "results/44_penalty_r0.01.pt",
2026-09-28 01:41:09     "n": 2000,
2026-09-28 01:41:09     "batch_size": 250,
2026-09-28 01:41:09     "steps": 200,
2026-09-28 01:41:09     "w": 2.0,
2026-09-28 01:41:09     "gate": "none",
2026-09-28 01:41:09     "beta": 1.0,
2026-09-28 01:41:09     "rho": 0.01,
2026-09-28 01:41:09     "one_sided": false,
2026-09-28 01:41:09     "target": 75.0,
2026-09-28 01:41:09     "seed": 0
2026-09-28 01:41:09   }
2026-09-28 01:41:09 }
2026-09-28 01:41:10 
2026-09-28 01:41:10 == 4.5  base model, n=10000
2026-09-28 01:41:22   250/10000
2026-09-28 01:41:32   500/10000
2026-09-28 01:41:43   750/10000
2026-09-28 01:41:53   1000/10000
2026-09-28 01:42:04   1250/10000
2026-09-28 01:42:14   1500/10000
2026-09-28 01:42:25   1750/10000
2026-09-28 01:42:35   2000/10000
2026-09-28 01:42:46   2250/10000
2026-09-28 01:42:56   2500/10000
2026-09-28 01:43:07   2750/10000
2026-09-28 01:43:17   3000/10000
2026-09-28 01:43:28   3250/10000
2026-09-28 01:43:38   3500/10000
2026-09-28 01:43:49   3750/10000
2026-09-28 01:43:59   4000/10000
2026-09-28 01:44:10   4250/10000
2026-09-28 01:44:20   4500/10000
2026-09-28 01:44:31   4750/10000
2026-09-28 01:44:41   5000/10000
2026-09-28 01:44:52   5250/10000
2026-09-28 01:45:02   5500/10000
2026-09-28 01:45:13   5750/10000
2026-09-28 01:45:23   6000/10000
2026-09-28 01:45:34   6250/10000
2026-09-28 01:45:44   6500/10000
2026-09-28 01:45:55   6750/10000
2026-09-28 01:46:05   7000/10000
2026-09-28 01:46:16   7250/10000
2026-09-28 01:46:26   7500/10000
2026-09-28 01:46:37   7750/10000
2026-09-28 01:46:47   8000/10000
2026-09-28 01:46:58   8250/10000
2026-09-28 01:47:08   8500/10000
2026-09-28 01:47:19   8750/10000
2026-09-28 01:47:29   9000/10000
2026-09-28 01:47:40   9250/10000
2026-09-28 01:47:50   9500/10000
2026-09-28 01:48:01   9750/10000
2026-09-28 01:48:12   10000/10000
2026-09-28 01:48:12 saved 10000 samples to results/45_base.pt  (NFE 400, mean gate 1.000)
2026-09-28 01:48:42 {
2026-09-28 01:48:42   "n_samples": 10000,
2026-09-28 01:48:42   "atom_stability": 0.8413137197494507,
2026-09-28 01:48:42   "mol_stability": 0.0738999992609024,
2026-09-28 01:48:42   "validity": 0.3892,
2026-09-28 01:48:42   "uniqueness": 0.9969167523124358,
2026-09-28 01:48:42   "nfe": 400,
2026-09-28 01:48:42   "mean_gate": 1.0,
2026-09-28 01:48:42   "novelty": 0.9626288659793815,
2026-09-28 01:48:42   "prop_mae_standardized": 0.3199281692504883,
2026-09-28 01:48:42   "prop_mae": 2.6145942418170307,
2026-09-28 01:48:42   "config": {
2026-09-28 01:48:42     "ckpt": "ckpt/flow_s0.pt",
2026-09-28 01:48:42     "out": "results/45_base.pt",
2026-09-28 01:48:42     "n": 10000,
2026-09-28 01:48:42     "batch_size": 250,
2026-09-28 01:48:42     "steps": 200,
2026-09-28 01:48:42     "w": 2.0,
2026-09-28 01:48:42     "gate": "none",
2026-09-28 01:48:42     "beta": 1.0,
2026-09-28 01:48:42     "rho": 0.0,
2026-09-28 01:48:42     "one_sided": false,
2026-09-28 01:48:42     "target": 75.0,
2026-09-28 01:48:42     "seed": 0
2026-09-28 01:48:42   }
2026-09-28 01:48:42 }
2026-09-28 01:48:42 
2026-09-28 01:48:42 == 4.5  our method, n=10000
2026-09-28 01:48:55   250/10000
2026-09-28 01:49:06   500/10000
2026-09-28 01:49:16   750/10000
2026-09-28 01:49:27   1000/10000
2026-09-28 01:49:38   1250/10000
2026-09-28 01:49:49   1500/10000
2026-09-28 01:50:00   1750/10000
2026-09-28 01:50:11   2000/10000
2026-09-28 01:50:21   2250/10000
2026-09-28 01:50:32   2500/10000
2026-09-28 01:50:43   2750/10000
2026-09-28 01:50:54   3000/10000
2026-09-28 01:51:05   3250/10000
2026-09-28 01:51:15   3500/10000
2026-09-28 01:51:26   3750/10000
2026-09-28 01:51:37   4000/10000
2026-09-28 01:51:48   4250/10000
2026-09-28 01:51:59   4500/10000
2026-09-28 01:52:10   4750/10000
2026-09-28 01:52:20   5000/10000
2026-09-28 01:52:31   5250/10000
2026-09-28 01:52:42   5500/10000
2026-09-28 01:52:53   5750/10000
2026-09-28 01:53:04   6000/10000
2026-09-28 01:53:14   6250/10000
2026-09-28 01:53:25   6500/10000
2026-09-28 01:53:36   6750/10000
2026-09-28 01:53:47   7000/10000
2026-09-28 01:53:58   7250/10000
2026-09-28 01:54:09   7500/10000
2026-09-28 01:54:19   7750/10000
2026-09-28 01:54:30   8000/10000
2026-09-28 01:54:41   8250/10000
2026-09-28 01:54:52   8500/10000
2026-09-28 01:55:03   8750/10000
2026-09-28 01:55:13   9000/10000
2026-09-28 01:55:24   9250/10000
2026-09-28 01:55:35   9500/10000
2026-09-28 01:55:46   9750/10000
2026-09-28 01:55:57   10000/10000
2026-09-28 01:55:57 saved 10000 samples to results/45_ours.pt  (NFE 400, mean gate 0.388)
2026-09-28 01:56:27 {
2026-09-28 01:56:27   "n_samples": 10000,
2026-09-28 01:56:27   "atom_stability": 0.8445747494697571,
2026-09-28 01:56:27   "mol_stability": 0.07180000096559525,
2026-09-28 01:56:27   "validity": 0.3906,
2026-09-28 01:56:27   "uniqueness": 0.9994879672299027,
2026-09-28 01:56:27   "nfe": 400,
2026-09-28 01:56:27   "mean_gate": 0.3884743370115757,
2026-09-28 01:56:27   "novelty": 0.9592725409836066,
2026-09-28 01:56:27   "prop_mae_standardized": 0.35865703225135803,
2026-09-28 01:56:27   "prop_mae": 2.9311036083771,
2026-09-28 01:56:27   "config": {
2026-09-28 01:56:27     "ckpt": "ckpt/flow_s0.pt",
2026-09-28 01:56:27     "out": "results/45_ours.pt",
2026-09-28 01:56:27     "n": 10000,
2026-09-28 01:56:27     "batch_size": 250,
2026-09-28 01:56:27     "steps": 200,
2026-09-28 01:56:27     "w": 2.0,
2026-09-28 01:56:27     "gate": "per_atom",
2026-09-28 01:56:27     "beta": 1.0,
2026-09-28 01:56:27     "rho": 0.0,
2026-09-28 01:56:27     "one_sided": false,
2026-09-28 01:56:27     "target": 75.0,
2026-09-28 01:56:27     "seed": 0
2026-09-28 01:56:27   }
2026-09-28 01:56:27 }
2026-09-28 01:56:27 
2026-09-28 01:56:27 == 4.4  w-matched control -- read mean_gate from results/44_per_atom.json, then run:
2026-09-28 01:56:27   /mnt/isilon/tan_lab/pany3/CIS6270-molecules/.venv/bin/python sample.py --ckpt ckpt/flow_s0.pt --out results/44_wmatched.pt \
2026-09-28 01:56:27       --n 2000 --steps 200 --w $(python -c "print(2.0 * MEAN_GATE)") \
2026-09-28 01:56:27       --gate none --target 75 --seed 0
2026-09-28 01:56:27 
2026-09-28 01:56:27 == done
2026-09-28 01:56:27 checkpoints  ckpt/
2026-09-28 01:56:27 figures      figures/fig_trajectory.png
2026-09-28 01:56:27 samples      results/*.pt
2026-09-28 01:56:27 metrics      results/*.json
2026-09-28 01:56:27 EXIT_CODE=0
