2026-09-28 01:59:25 saved 2000 samples to results/44_wmatched.pt  (NFE 400, mean gate 1.000)
2026-09-28 01:59:26 {
2026-09-28 01:59:26   "n_samples": 2000,
2026-09-28 01:59:26   "atom_stability": 0.8455959558486938,
2026-09-28 01:59:26   "mol_stability": 0.08250000327825546,
2026-09-28 01:59:26   "validity": 0.397,
2026-09-28 01:59:26   "uniqueness": 1.0,
2026-09-28 01:59:26   "nfe": 400,
2026-09-28 01:59:26   "mean_gate": 1.0,
2026-09-28 01:59:26   "novelty": 0.9609571788413098,
2026-09-28 01:59:26   "prop_mae_standardized": 0.3943142294883728,
2026-09-28 01:59:26   "prop_mae": 3.222509966228131,
2026-09-28 01:59:26   "config": {
2026-09-28 01:59:26     "ckpt": "ckpt/flow_s0.pt",
2026-09-28 01:59:26     "out": "results/44_wmatched.pt",
2026-09-28 01:59:26     "n": 2000,
2026-09-28 01:59:26     "batch_size": 250,
2026-09-28 01:59:26     "steps": 200,
2026-09-28 01:59:26     "w": 0.7764898836612701,
2026-09-28 01:59:26     "gate": "none",
2026-09-28 01:59:26     "beta": 1.0,
2026-09-28 01:59:26     "rho": 0.0,
2026-09-28 01:59:26     "one_sided": false,
2026-09-28 01:59:26     "target": 75.0,
2026-09-28 01:59:26     "seed": 0
2026-09-28 01:59:26   }
2026-09-28 01:59:26 }
